// Jest Snapshot v1, https://goo.gl/fbAQLP

exports[`renders correctly StatusBar 1`] = `null`;

exports[`renders correctly Topbar 1`] = `
<View
  style={
    {
      "alignContent": "center",
      "backgroundColor": "#fff",
      "borderBottomWidth": 1,
      "borderColor": "#e6e6e6",
      "display": "flex",
      "height": 40,
      "justifyContent": "center",
      "position": "absolute",
      "textAlign": "center",
      "top": 25,
      "width": "100%",
      "zIndex": 10,
    }
  }
>
  <View>
    <Text
      style={
        {
          "textAlign": "center",
        }
      }
    >
      ðŸ’µ BANCO
    </Text>
  </View>
</View>
`;
